../USB_DEVICE/Target/usbd_conf.c:900:13:SystemClockConfig_Resume	8	static
../USB_DEVICE/Target/usbd_conf.c:69:6:HAL_PCD_MspInit	200	static
../USB_DEVICE/Target/usbd_conf.c:132:6:HAL_PCD_MspDeInit	16	static
../USB_DEVICE/Target/usbd_conf.c:181:6:HAL_PCD_SetupStageCallback	8	static
../USB_DEVICE/Target/usbd_conf.c:196:6:HAL_PCD_DataOutStageCallback	8	static
../USB_DEVICE/Target/usbd_conf.c:211:6:HAL_PCD_DataInStageCallback	8	static
../USB_DEVICE/Target/usbd_conf.c:225:6:HAL_PCD_SOFCallback	8	static
../USB_DEVICE/Target/usbd_conf.c:239:6:HAL_PCD_ResetCallback	8	static
../USB_DEVICE/Target/usbd_conf.c:264:6:HAL_PCD_SuspendCallback	8	static
../USB_DEVICE/Target/usbd_conf.c:289:6:HAL_PCD_ResumeCallback	8	static
../USB_DEVICE/Target/usbd_conf.c:314:6:HAL_PCD_ISOOUTIncompleteCallback	8	static
../USB_DEVICE/Target/usbd_conf.c:329:6:HAL_PCD_ISOINIncompleteCallback	8	static
../USB_DEVICE/Target/usbd_conf.c:343:6:HAL_PCD_ConnectCallback	8	static
../USB_DEVICE/Target/usbd_conf.c:357:6:HAL_PCD_DisconnectCallback	8	static
../USB_DEVICE/Target/usbd_conf.c:372:20:USBD_LL_Init	8	static
../USB_DEVICE/Target/usbd_conf.c:423:20:USBD_LL_DeInit	8	static
../USB_DEVICE/Target/usbd_conf.c:455:20:USBD_LL_Start	8	static
../USB_DEVICE/Target/usbd_conf.c:487:20:USBD_LL_Stop	8	static
../USB_DEVICE/Target/usbd_conf.c:522:20:USBD_LL_OpenEP	8	static
../USB_DEVICE/Target/usbd_conf.c:555:20:USBD_LL_CloseEP	8	static
../USB_DEVICE/Target/usbd_conf.c:588:20:USBD_LL_FlushEP	8	static
../USB_DEVICE/Target/usbd_conf.c:621:20:USBD_LL_StallEP	8	static
../USB_DEVICE/Target/usbd_conf.c:654:20:USBD_LL_ClearStallEP	8	static
../USB_DEVICE/Target/usbd_conf.c:687:9:USBD_LL_IsStallEP	0	static
../USB_DEVICE/Target/usbd_conf.c:707:20:USBD_LL_SetUSBAddress	8	static
../USB_DEVICE/Target/usbd_conf.c:742:20:USBD_LL_Transmit	8	static
../USB_DEVICE/Target/usbd_conf.c:777:20:USBD_LL_PrepareReceive	8	static
../USB_DEVICE/Target/usbd_conf.c:810:10:USBD_LL_GetRxDataSize	8	static
../USB_DEVICE/Target/usbd_conf.c:819:6:HAL_GPIO_EXTI_Callback	8	static
../USB_DEVICE/Target/usbd_conf.c:833:6:HAL_PCDEx_LPM_Callback	8	static
../USB_DEVICE/Target/usbd_conf.c:868:6:USBD_LL_Delay	8	static
../USB_DEVICE/Target/usbd_conf.c:878:7:USBD_static_malloc	0	static
../USB_DEVICE/Target/usbd_conf.c:889:6:USBD_static_free	0	static
